// Jest Snapshot v1, https://goo.gl/fbAQLP

exports[`subscribe Button default state 1`] = `
<div
  className="Button Button_type_subscribe"
  onClick={[Function]}
>
  <span>
    Подписаться
  </span>
</div>
`;
